// Jest Snapshot v1, https://goo.gl/fbAQLP

exports[`CartOrderNumberTag Renders with the order number provided 1`] = `
<div>
  <div
    class="sc-bdnylx iIEgSZ"
  >
    <a
      href="/shop/admin/orders/order-number/edit"
      rel="noreferrer"
      target="_blank"
    >
      <p
        class="sc-gtssRu fnkEfa"
        data-h="order-number"
        data-testid="order-number"
      >
        order-number
      </p>
    </a>
  </div>
</div>
`;
