// Jest Snapshot v1, https://goo.gl/fbAQLP

exports[`DiscountNotificationBar Renders just fine if a name is provided 1`] = `
<div>
  <div
    class="sc-bdnylx ANRse"
  >
    <span>
      This is a notification Roger Rabbit
    </span>
    <a
      href="http://localhost/static/crewfineprint"
    >
      <span>
        The Fine Print
      </span>
    </a>
  </div>
</div>
`;
